                          v1.7.0
     Buhlmann ZHL-16C + gradient factors 45/85

                        DIVE PLAN

        depth   stop    run   gas         PO2   EAD
 --------------------------------------------------------
 ↓        70m    3:03      4   TMX 18/45  
 —        70m   20:00     24               1.43   27m 
 ↑        33m    3:42     27              
 —        33m    1:18     29               0.77   10m 
 —        30m    2:00     31               0.72    9m 
 —        27m    2:00     33               0.66    7m 
 —        24m    3:00     36               0.61    6m 
 ↑        21m    0:18     36              
 —        21m    2:42     39   EAN50       1.54   10m 
 —        18m    2:00     41               1.39    8m 
 —        15m    4:00     45               1.24    6m 
 —        12m    5:00     50               1.10    4m 
 —         9m    8:00     58               0.95    2m 
 ↑         6m    0:18     58              
 —         6m    9:42     68   O2          1.60    0m 
 —         3m   18:00     86               1.30    0m 
 ↑         0m    0:18     86
 --------------------------------------------------------
Deco zone start: 33m    Bottom gas density: 6.4 g/l

TOTAL DECO TIME: 63 minutes.
DIVE RUN TIME: 86 minutes.
CNS Total: 46.0%
OTU's: 112

Time to Fly: 3.0 Hours

4383.7 Ltr. of 18.0% consumed.
759.7 Ltr. of 50.0% consumed.
588.3 Ltr. of 100.0% consumed.
5731.6 Ltr. total open circuit gas consumed.
