                          v1.22.0
     Buhlmann ZHL-16C + gradient factors 45/85

                        DIVE PLAN

        depth   stop    run   gas       PO2   EAD
 ------------------------------------------------------
 ↓       230ft   3:32      4   TMX 18/45
 —       230ft  26:00     30             1.43   90ft
 ↑       120ft   2:00     32            
 —       120ft   1:00     33             0.83   39ft
 —       110ft   2:00     35             0.78   34ft
 —       100ft   2:00     37             0.72   29ft
 —        90ft   3:00     40             0.67   25ft
 —        80ft   4:00     44             0.62   20ft
 ↑        70ft   0:20     44            
 —        70ft   2:40     47   EAN50     1.56   32ft
 —        60ft   3:00     50             1.41   26ft
 —        50ft   5:00     55             1.26   20ft
 —        40ft   7:00     62             1.10   13ft
 —        30ft  10:00     72             0.95    7ft
 ↑        20ft   0:20     72            
 —        20ft  12:40     85   O2        1.60    0ft
 —        10ft  24:00    109             1.30    0ft
 ↑         0ft   0:39    110
 ------------------------------------------------------
Deco zone start: 179ft    Bottom gas density: 6.4 g/l

TOTAL DECO TIME: 81 minutes.
DIVE RUN TIME: 110 minutes.
CNS Total: 60.3%
OTU's: 144

Time to Fly: 4.0 Hours

Consumption (bottom + ascent):
  TMX 18/45  142.50 + 34.63 = 177.13 Cu.Ft.
  EAN50      36.20 Cu.Ft.
  O2         29.33 Cu.Ft.

Bottom gas density 6.4 g/L exceeds the 6.2 g/L limit (Anthony & Mitchell). Work of breathing and CO2 retention rise steeply above it. Add helium.
