                          v1.35.0
                  Buhlmann ZHL-16C

                        DIVE PLAN

        depth   stop    run   gas       PO2   EAD
 ------------------------------------------------------
 ↓        40m    2:40      3   Air      
 —        40m   20:00     23             1.02   40m 
 DStop    24m    2:13     25             0.70   24m 
 DStop    15m    2:00     27             0.51   15m 
 DStop     9m    2:18     30             0.39    9m 
 ↑         3m    2:00     32            
 —         3m   10:29     42             0.27    3m 
 ↑         0m    1:00     43
 ------------------------------------------------------
Deco zone start: 28m    Bottom gas density: 6.3 g/l

TOTAL DECO TIME: 14 minutes.
DIVE RUN TIME: 43 minutes.
CNS Total: 7.5%
OTU's: 23

Time to Fly: 3.0 Hours

Consumption (bottom + ascent):
  Air        1999.9 + 526.5 = 2526.3 Ltr.

Bottom gas density 6.3 g/L exceeds the 6.2 g/L limit (Anthony & Mitchell). Work of breathing and CO2 retention rise steeply above it. Add helium.
